MPEG_TS	1	1362	1

	1	UDP 230.200.201.23:1234 <-> 10.1.16.48:40737 [VLAN: 3359][proto: 198/MPEG_TS][1 pkts/1362 bytes]
