NTP	1	90	1

	1	UDP 78.46.76.11:123 <-> 85.22.62.120:123 [proto: 9/NTP][1 pkts/90 bytes]
