NTP	1	410	1

	1	UDP 78.46.76.2:80 <-> 208.104.95.10:123 [proto: 9/NTP][1 pkts/410 bytes]
