Oscar	71	9386	1

	1	TCP 10.30.29.3:63357 <-> 178.237.24.249:443 [proto: 69/Oscar][71 pkts/9386 bytes]
